This is pdfTeX, Version 3.141592653-2.6-1.40.27 (TeX Live 2025) (preloaded format=pdflatex 2025.9.5)  25 MAY 2026 16:06
entering extended mode
 restricted \write18 enabled.
 %&-line parsing enabled.
**main.tex
(./main.tex
LaTeX2e <2024-11-01> patch level 2
L3 programming layer <2025-01-18>
(/usr/local/texlive/2025/texmf-dist/tex/latex/elsarticle/elsarticle.cls
Document Class: elsarticle 2025/01/11, 3.4c: Elsevier Ltd
(/usr/local/texlive/2025/texmf-dist/tex/latex/base/fontenc.sty
Package: fontenc 2021/04/29 v2.0v Standard LaTeX package
)
(/usr/local/texlive/2025/texmf-dist/tex/latex/l3kernel/expl3.sty
Package: expl3 2025-01-18 L3 programming layer (loader) 

(/usr/local/texlive/2025/texmf-dist/tex/latex/l3backend/l3backend-pdftex.def
File: l3backend-pdftex.def 2024-05-08 L3 backend support: PDF output (pdfTeX)
\l__color_backend_stack_int=\count196
\l__pdf_internal_box=\box52
))
(/usr/local/texlive/2025/texmf-dist/tex/latex/l3packages/xparse/xparse.sty
Package: xparse 2024-08-16 L3 Experimental document command parser
)
(/usr/local/texlive/2025/texmf-dist/tex/latex/etoolbox/etoolbox.sty
Package: etoolbox 2025/02/11 v2.5l e-TeX tools for LaTeX (JAW)
\etb@tempcnta=\count197
)
\@bls=\dimen141

(/usr/local/texlive/2025/texmf-dist/tex/latex/base/article.cls
Document Class: article 2024/06/29 v1.4n Standard LaTeX document class
(/usr/local/texlive/2025/texmf-dist/tex/latex/base/size12.clo
File: size12.clo 2024/06/29 v1.4n Standard LaTeX file (size option)
)
\c@part=\count198
\c@section=\count199
\c@subsection=\count266
\c@subsubsection=\count267
\c@paragraph=\count268
\c@subparagraph=\count269
\c@figure=\count270
\c@table=\count271
\abovecaptionskip=\skip49
\belowcaptionskip=\skip50
\bibindent=\dimen142
)
(/usr/local/texlive/2025/texmf-dist/tex/latex/graphics/graphicx.sty
Package: graphicx 2021/09/16 v1.2d Enhanced LaTeX Graphics (DPC,SPQR)

(/usr/local/texlive/2025/texmf-dist/tex/latex/graphics/keyval.sty
Package: keyval 2022/05/29 v1.15 key=value parser (DPC)
\KV@toks@=\toks17
)
(/usr/local/texlive/2025/texmf-dist/tex/latex/graphics/graphics.sty
Package: graphics 2024/08/06 v1.4g Standard LaTeX Graphics (DPC,SPQR)

(/usr/local/texlive/2025/texmf-dist/tex/latex/graphics/trig.sty
Package: trig 2023/12/02 v1.11 sin cos tan (DPC)
)
(/usr/local/texlive/2025/texmf-dist/tex/latex/graphics-cfg/graphics.cfg
File: graphics.cfg 2016/06/04 v1.11 sample graphics configuration
)
Package graphics Info: Driver file: pdftex.def on input line 106.

(/usr/local/texlive/2025/texmf-dist/tex/latex/graphics-def/pdftex.def
File: pdftex.def 2024/04/13 v1.2c Graphics/color driver for pdftex
))
\Gin@req@height=\dimen143
\Gin@req@width=\dimen144
)
\c@tnote=\count272
\c@fnote=\count273
\c@cnote=\count274
\c@ead=\count275
\c@elsarticle@author=\count276
\@eadauthor=\toks18
\c@affn=\count277
\absbox=\box53
\elsarticlehighlightsbox=\box54
\elsarticlegrabsbox=\box55
\keybox=\box56
\Columnwidth=\dimen145
\space@left=\dimen146
\els@boxa=\box57
\els@boxb=\box58
\leftMargin=\dimen147
\@enLab=\toks19
\@sep=\skip51
\@@sep=\skip52

(./main.spl) (/usr/local/texlive/2025/texmf-dist/tex/latex/natbib/natbib.sty
Package: natbib 2010/09/13 8.31b (PWD, AO)
\bibhang=\skip53
\bibsep=\skip54
LaTeX Info: Redefining \cite on input line 694.
\c@NAT@ctr=\count278
)
\splwrite=\write3
\openout3 = `main.spl'.

\appnamewidth=\dimen148
)
(/usr/local/texlive/2025/texmf-dist/tex/latex/lineno/lineno.sty
Package: lineno 2025/01/29 line numbers on paragraphs v5.4

(/usr/local/texlive/2025/texmf-dist/tex/latex/kvoptions/kvoptions.sty
Package: kvoptions 2022-06-15 v3.15 Key value format for package options (HO)

(/usr/local/texlive/2025/texmf-dist/tex/generic/ltxcmds/ltxcmds.sty
Package: ltxcmds 2023-12-04 v1.26 LaTeX kernel commands for general use (HO)
)
(/usr/local/texlive/2025/texmf-dist/tex/latex/kvsetkeys/kvsetkeys.sty
Package: kvsetkeys 2022-10-05 v1.19 Key value parser (HO)
))
\linenopenalty=\count279
\output=\toks20
\linenoprevgraf=\count280
\linenumbersep=\dimen149
\linenumberwidth=\dimen150
\c@linenumber=\count281
\c@pagewiselinenumber=\count282
\c@LN@truepage=\count283
\c@internallinenumber=\count284
\c@internallinenumbers=\count285
\quotelinenumbersep=\dimen151
\bframerule=\dimen152
\bframesep=\dimen153
\bframebox=\box59
LaTeX Info: Redefining \\ on input line 3187.
)
(/usr/local/texlive/2025/texmf-dist/tex/latex/amsmath/amsmath.sty
Package: amsmath 2024/11/05 v2.17t AMS math features
\@mathmargin=\skip55

For additional information on amsmath, use the `?' option.
(/usr/local/texlive/2025/texmf-dist/tex/latex/amsmath/amstext.sty
Package: amstext 2021/08/26 v2.01 AMS text

(/usr/local/texlive/2025/texmf-dist/tex/latex/amsmath/amsgen.sty
File: amsgen.sty 1999/11/30 v2.0 generic functions
\@emptytoks=\toks21
\ex@=\dimen154
))
(/usr/local/texlive/2025/texmf-dist/tex/latex/amsmath/amsbsy.sty
Package: amsbsy 1999/11/29 v1.2d Bold Symbols
\pmbraise@=\dimen155
)
(/usr/local/texlive/2025/texmf-dist/tex/latex/amsmath/amsopn.sty
Package: amsopn 2022/04/08 v2.04 operator names
)
\inf@bad=\count286
LaTeX Info: Redefining \frac on input line 233.
\uproot@=\count287
\leftroot@=\count288
LaTeX Info: Redefining \overline on input line 398.
LaTeX Info: Redefining \colon on input line 409.
\classnum@=\count289
\DOTSCASE@=\count290
LaTeX Info: Redefining \ldots on input line 495.
LaTeX Info: Redefining \dots on input line 498.
LaTeX Info: Redefining \cdots on input line 619.
\Mathstrutbox@=\box60
\strutbox@=\box61
LaTeX Info: Redefining \big on input line 721.
LaTeX Info: Redefining \Big on input line 722.
LaTeX Info: Redefining \bigg on input line 723.
LaTeX Info: Redefining \Bigg on input line 724.
\big@size=\dimen156
LaTeX Font Info:    Redeclaring font encoding OML on input line 742.
LaTeX Font Info:    Redeclaring font encoding OMS on input line 743.
\macc@depth=\count291
LaTeX Info: Redefining \bmod on input line 904.
LaTeX Info: Redefining \pmod on input line 909.
LaTeX Info: Redefining \smash on input line 939.
LaTeX Info: Redefining \relbar on input line 969.
LaTeX Info: Redefining \Relbar on input line 970.
\c@MaxMatrixCols=\count292
\dotsspace@=\muskip17
\c@parentequation=\count293
\dspbrk@lvl=\count294
\tag@help=\toks22
\row@=\count295
\column@=\count296
\maxfields@=\count297
\andhelp@=\toks23
\eqnshift@=\dimen157
\alignsep@=\dimen158
\tagshift@=\dimen159
\tagwidth@=\dimen160
\totwidth@=\dimen161
\lineht@=\dimen162
\@envbody=\toks24
\multlinegap=\skip56
\multlinetaggap=\skip57
\mathdisplay@stack=\toks25
LaTeX Info: Redefining \[ on input line 2953.
LaTeX Info: Redefining \] on input line 2954.
)
\@LN@amsmath@ams@eqpen=\count298

(/usr/local/texlive/2025/texmf-dist/tex/latex/booktabs/booktabs.sty
Package: booktabs 2020/01/12 v1.61803398 Publication quality tables
\heavyrulewidth=\dimen163
\lightrulewidth=\dimen164
\cmidrulewidth=\dimen165
\belowrulesep=\dimen166
\belowbottomsep=\dimen167
\aboverulesep=\dimen168
\abovetopsep=\dimen169
\cmidrulesep=\dimen170
\cmidrulekern=\dimen171
\defaultaddspace=\dimen172
\@cmidla=\count299
\@cmidlb=\count300
\@aboverulesep=\dimen173
\@belowrulesep=\dimen174
\@thisruleclass=\count301
\@lastruleclass=\count302
\@thisrulewidth=\dimen175
)
(/usr/local/texlive/2025/texmf-dist/tex/latex/microtype/microtype.sty
Package: microtype 2025/02/11 v3.2a Micro-typographical refinements (RS)
\MT@toks=\toks26
\MT@tempbox=\box62
\MT@count=\count303
LaTeX Info: Redefining \noprotrusionifhmode on input line 1087.
LaTeX Info: Redefining \leftprotrusion on input line 1088.
\MT@prot@toks=\toks27
LaTeX Info: Redefining \rightprotrusion on input line 1107.
LaTeX Info: Redefining \textls on input line 1449.
\MT@outer@kern=\dimen176
LaTeX Info: Redefining \microtypecontext on input line 2053.
LaTeX Info: Redefining \textmicrotypecontext on input line 2070.
\MT@listname@count=\count304

(/usr/local/texlive/2025/texmf-dist/tex/latex/microtype/microtype-pdftex.def
File: microtype-pdftex.def 2025/02/11 v3.2a Definitions specific to pdftex (RS)

LaTeX Info: Redefining \lsstyle on input line 944.
LaTeX Info: Redefining \lslig on input line 944.
\MT@outer@space=\skip58
)
Package microtype Info: Loading configuration file microtype.cfg.

(/usr/local/texlive/2025/texmf-dist/tex/latex/microtype/microtype.cfg
File: microtype.cfg 2025/02/11 v3.2a microtype main configuration file (RS)
)
LaTeX Info: Redefining \microtypesetup on input line 3065.
)
(/usr/local/texlive/2025/texmf-dist/tex/latex/hyperref/hyperref.sty
Package: hyperref 2024-11-05 v7.01l Hypertext links for LaTeX

(/usr/local/texlive/2025/texmf-dist/tex/generic/iftex/iftex.sty
Package: iftex 2024/12/12 v1.0g TeX engine tests
)
(/usr/local/texlive/2025/texmf-dist/tex/generic/kvdefinekeys/kvdefinekeys.sty
Package: kvdefinekeys 2019-12-19 v1.6 Define keys (HO)
)
(/usr/local/texlive/2025/texmf-dist/tex/generic/pdfescape/pdfescape.sty
Package: pdfescape 2019/12/09 v1.15 Implements pdfTeX's escape features (HO)

(/usr/local/texlive/2025/texmf-dist/tex/generic/pdftexcmds/pdftexcmds.sty
Package: pdftexcmds 2020-06-27 v0.33 Utility functions of pdfTeX for LuaTeX (HO
)

(/usr/local/texlive/2025/texmf-dist/tex/generic/infwarerr/infwarerr.sty
Package: infwarerr 2019/12/03 v1.5 Providing info/warning/error messages (HO)
)
Package pdftexcmds Info: \pdf@primitive is available.
Package pdftexcmds Info: \pdf@ifprimitive is available.
Package pdftexcmds Info: \pdfdraftmode found.
))
(/usr/local/texlive/2025/texmf-dist/tex/latex/hycolor/hycolor.sty
Package: hycolor 2020-01-27 v1.10 Color options for hyperref/bookmark (HO)
)
(/usr/local/texlive/2025/texmf-dist/tex/latex/hyperref/nameref.sty
Package: nameref 2023-11-26 v2.56 Cross-referencing by name of section

(/usr/local/texlive/2025/texmf-dist/tex/latex/refcount/refcount.sty
Package: refcount 2019/12/15 v3.6 Data extraction from label references (HO)
)
(/usr/local/texlive/2025/texmf-dist/tex/generic/gettitlestring/gettitlestring.s
ty
Package: gettitlestring 2019/12/15 v1.6 Cleanup title references (HO)
)
\c@section@level=\count305
) (/usr/local/texlive/2025/texmf-dist/tex/generic/stringenc/stringenc.sty
Package: stringenc 2019/11/29 v1.12 Convert strings between diff. encodings (HO
)
)
\@linkdim=\dimen177
\Hy@linkcounter=\count306
\Hy@pagecounter=\count307

(/usr/local/texlive/2025/texmf-dist/tex/latex/hyperref/pd1enc.def
File: pd1enc.def 2024-11-05 v7.01l Hyperref: PDFDocEncoding definition (HO)
Now handling font encoding PD1 ...
... no UTF-8 mapping file for font encoding PD1
)
(/usr/local/texlive/2025/texmf-dist/tex/generic/intcalc/intcalc.sty
Package: intcalc 2019/12/15 v1.3 Expandable calculations with integers (HO)
)
\Hy@SavedSpaceFactor=\count308

(/usr/local/texlive/2025/texmf-dist/tex/latex/hyperref/puenc.def
File: puenc.def 2024-11-05 v7.01l Hyperref: PDF Unicode definition (HO)
Now handling font encoding PU ...
... no UTF-8 mapping file for font encoding PU
)
Package hyperref Info: Hyper figures OFF on input line 4157.
Package hyperref Info: Link nesting OFF on input line 4162.
Package hyperref Info: Hyper index ON on input line 4165.
Package hyperref Info: Plain pages OFF on input line 4172.
Package hyperref Info: Backreferencing OFF on input line 4177.
Package hyperref Info: Implicit mode ON; LaTeX internals redefined.
Package hyperref Info: Bookmarks ON on input line 4424.
\c@Hy@tempcnt=\count309

(/usr/local/texlive/2025/texmf-dist/tex/latex/url/url.sty
\Urlmuskip=\muskip18
Package: url 2013/09/16  ver 3.4  Verb mode for urls, etc.
)
LaTeX Info: Redefining \url on input line 4763.
\XeTeXLinkMargin=\dimen178

(/usr/local/texlive/2025/texmf-dist/tex/generic/bitset/bitset.sty
Package: bitset 2019/12/09 v1.3 Handle bit-vector datatype (HO)

(/usr/local/texlive/2025/texmf-dist/tex/generic/bigintcalc/bigintcalc.sty
Package: bigintcalc 2019/12/15 v1.5 Expandable calculations on big integers (HO
)
))
\Fld@menulength=\count310
\Field@Width=\dimen179
\Fld@charsize=\dimen180
Package hyperref Info: Hyper figures OFF on input line 6042.
Package hyperref Info: Link nesting OFF on input line 6047.
Package hyperref Info: Hyper index ON on input line 6050.
Package hyperref Info: backreferencing OFF on input line 6057.
Package hyperref Info: Link coloring OFF on input line 6062.
Package hyperref Info: Link coloring with OCG OFF on input line 6067.
Package hyperref Info: PDF/A mode OFF on input line 6072.

(/usr/local/texlive/2025/texmf-dist/tex/latex/base/atbegshi-ltx.sty
Package: atbegshi-ltx 2021/01/10 v1.0c Emulation of the original atbegshi
package with kernel methods
)
\Hy@abspage=\count311
\c@Item=\count312
\c@Hfootnote=\count313
)
Package hyperref Info: Driver (autodetected): hpdftex.

(/usr/local/texlive/2025/texmf-dist/tex/latex/hyperref/hpdftex.def
File: hpdftex.def 2024-11-05 v7.01l Hyperref driver for pdfTeX

(/usr/local/texlive/2025/texmf-dist/tex/latex/base/atveryend-ltx.sty
Package: atveryend-ltx 2020/08/19 v1.0a Emulation of the original atveryend pac
kage
with kernel methods
)
\Fld@listcount=\count314
\c@bookmark@seq@number=\count315

(/usr/local/texlive/2025/texmf-dist/tex/latex/rerunfilecheck/rerunfilecheck.sty
Package: rerunfilecheck 2022-07-10 v1.10 Rerun checks for auxiliary files (HO)

(/usr/local/texlive/2025/texmf-dist/tex/generic/uniquecounter/uniquecounter.sty
Package: uniquecounter 2019/12/15 v1.4 Provide unlimited unique counter (HO)
)
Package uniquecounter Info: New unique counter `rerunfilecheck' on input line 2
85.
)
\Hy@SectionHShift=\skip59
) (/usr/local/texlive/2025/texmf-dist/tex/latex/graphics/rotating.sty
Package: rotating 2016/08/11 v2.16d rotated objects in LaTeX

(/usr/local/texlive/2025/texmf-dist/tex/latex/base/ifthen.sty
Package: ifthen 2024/03/16 v1.1e Standard LaTeX ifthen package (DPC)
)
\c@r@tfl@t=\count316
\rotFPtop=\skip60
\rotFPbot=\skip61
\rot@float@box=\box63
\rot@mess@toks=\toks28
)
(/usr/local/texlive/2025/texmf-dist/tex/latex/xcolor/xcolor.sty
Package: xcolor 2024/09/29 v3.02 LaTeX color extensions (UK)

(/usr/local/texlive/2025/texmf-dist/tex/latex/graphics-cfg/color.cfg
File: color.cfg 2016/01/02 v1.6 sample color configuration
)
Package xcolor Info: Driver file: pdftex.def on input line 274.

(/usr/local/texlive/2025/texmf-dist/tex/latex/graphics/mathcolor.ltx)
Package xcolor Info: Model `cmy' substituted by `cmy0' on input line 1349.
Package xcolor Info: Model `hsb' substituted by `rgb' on input line 1353.
Package xcolor Info: Model `RGB' extended on input line 1365.
Package xcolor Info: Model `HTML' substituted by `rgb' on input line 1367.
Package xcolor Info: Model `Hsb' substituted by `hsb' on input line 1368.
Package xcolor Info: Model `tHsb' substituted by `hsb' on input line 1369.
Package xcolor Info: Model `HSB' substituted by `hsb' on input line 1370.
Package xcolor Info: Model `Gray' substituted by `gray' on input line 1371.
Package xcolor Info: Model `wave' substituted by `hsb' on input line 1372.
)
(/usr/local/texlive/2025/texmf-dist/tex/generic/soul/soul.sty
Package: soul 2023-06-14 v3.1 Permit use of UTF-8 characters in soul (HO)

(/usr/local/texlive/2025/texmf-dist/tex/generic/soul/soul-ori.sty
Package: soul-ori 2023-06-14 v3.1 letterspacing/underlining (mf)
\SOUL@word=\toks29
\SOUL@lasttoken=\toks30
\SOUL@syllable=\toks31
\SOUL@cmds=\toks32
\SOUL@buffer=\toks33
\SOUL@token=\toks34
\SOUL@syllgoal=\dimen181
\SOUL@syllwidth=\dimen182
\SOUL@charkern=\dimen183
\SOUL@hyphkern=\dimen184
\SOUL@dimen=\dimen185
\SOUL@dimeni=\dimen186
\SOUL@minus=\count317
\SOUL@comma=\count318
\SOUL@apo=\count319
\SOUL@grave=\count320
\SOUL@spaceskip=\skip62
\SOUL@ttwidth=\dimen187
\SOUL@uldp=\dimen188
\SOUL@ulht=\dimen189
)
(/usr/local/texlive/2025/texmf-dist/tex/generic/etexcmds/etexcmds.sty
Package: etexcmds 2019/12/15 v1.7 Avoid name clashes with e-TeX commands (HO)
))
(./main.aux)
\openout1 = `main.aux'.

LaTeX Font Info:    Checking defaults for OML/cmm/m/it on input line 35.
LaTeX Font Info:    ... okay on input line 35.
LaTeX Font Info:    Checking defaults for OMS/cmsy/m/n on input line 35.
LaTeX Font Info:    ... okay on input line 35.
LaTeX Font Info:    Checking defaults for OT1/cmr/m/n on input line 35.
LaTeX Font Info:    ... okay on input line 35.
LaTeX Font Info:    Checking defaults for T1/cmr/m/n on input line 35.
LaTeX Font Info:    ... okay on input line 35.
LaTeX Font Info:    Checking defaults for TS1/cmr/m/n on input line 35.
LaTeX Font Info:    ... okay on input line 35.
LaTeX Font Info:    Checking defaults for OMX/cmex/m/n on input line 35.
LaTeX Font Info:    ... okay on input line 35.
LaTeX Font Info:    Checking defaults for U/cmr/m/n on input line 35.
LaTeX Font Info:    ... okay on input line 35.
LaTeX Font Info:    Checking defaults for PD1/pdf/m/n on input line 35.
LaTeX Font Info:    ... okay on input line 35.
LaTeX Font Info:    Checking defaults for PU/pdf/m/n on input line 35.
LaTeX Font Info:    ... okay on input line 35.

(/usr/local/texlive/2025/texmf-dist/tex/context/base/mkii/supp-pdf.mkii
[Loading MPS to PDF converter (version 2006.09.02).]
\scratchcounter=\count321
\scratchdimen=\dimen190
\scratchbox=\box64
\nofMPsegments=\count322
\nofMParguments=\count323
\everyMPshowfont=\toks35
\MPscratchCnt=\count324
\MPscratchDim=\dimen191
\MPnumerator=\count325
\makeMPintoPDFobject=\count326
\everyMPtoPDFconversion=\toks36
) (/usr/local/texlive/2025/texmf-dist/tex/latex/epstopdf-pkg/epstopdf-base.sty
Package: epstopdf-base 2020-01-24 v2.11 Base part for package epstopdf
Package epstopdf-base Info: Redefining graphics rule for `.eps' on input line 4
85.

(/usr/local/texlive/2025/texmf-dist/tex/latex/latexconfig/epstopdf-sys.cfg
File: epstopdf-sys.cfg 2010/07/13 v1.3 Configuration of (r)epstopdf for TeX Liv
e
))
LaTeX Info: Redefining \microtypecontext on input line 35.
Package microtype Info: Applying patch `item' on input line 35.
Package microtype Info: Applying patch `toc' on input line 35.
Package microtype Info: Applying patch `eqnum' on input line 35.
Package microtype Info: Applying patch `footnote' on input line 35.
Package microtype Info: Applying patch `verbatim' on input line 35.
LaTeX Info: Redefining \microtypesetup on input line 35.
Package microtype Info: Generating PDF output.
Package microtype Info: Character protrusion enabled (level 2).
Package microtype Info: Using default protrusion set `alltext'.
Package microtype Info: Automatic font expansion enabled (level 2),
(microtype)             stretch: 20, shrink: 20, step: 1, non-selected.
Package microtype Info: Using default expansion set `alltext-nott'.
LaTeX Info: Redefining \showhyphens on input line 35.
Package microtype Info: No adjustment of tracking.
Package microtype Info: No adjustment of interword spacing.
Package microtype Info: No adjustment of character kerning.

(/usr/local/texlive/2025/texmf-dist/tex/latex/microtype/mt-cmr.cfg
File: mt-cmr.cfg 2013/05/19 v2.2 microtype config. file: Computer Modern Roman 
(RS)
)
Package hyperref Info: Link coloring OFF on input line 35.
 (./main.out) (./main.out)
\@outlinefile=\write4
\openout4 = `main.out'.

Package microtype Info: Loading generic protrusion settings for font family
(microtype)             `cmtt' (encoding: T1).
(microtype)             For optimal results, create family-specific settings.
(microtype)             See the microtype manual for details.



Package hyperref Warning: Token not allowed in a PDF string (Unicode):
(hyperref)                removing `\<def>-command' on input line 88.


Package hyperref Warning: Token not allowed in a PDF string (Unicode):
(hyperref)                removing `\cnotenum' on input line 88.


Package hyperref Warning: Token not allowed in a PDF string (Unicode):
(hyperref)                removing `\<def>-command' on input line 88.


Package hyperref Warning: Token not allowed in a PDF string (Unicode):
(hyperref)                removing `\@corref' on input line 88.

[1


{/usr/local/texlive/2025/texmf-var/fonts/map/pdftex/updmap/pdftex.map}{/usr/loc
al/texlive/2025/texmf-dist/fonts/enc/dvips/cm-super/cm-super-t1.enc}]
Package microtype Info: Loading generic protrusion settings for font family
(microtype)             `cmss' (encoding: T1).
(microtype)             For optimal results, create family-specific settings.
(microtype)             See the microtype manual for details.


[2]

[3]

[4]

[5]

[6]

[7]

[8]

[9]

[10]

[11]

[12]

[13]

[14]

[15]

[16]

[17]
Underfull \hbox (badness 10000) in paragraph at lines 623--623
[]\T1/cmr/bx/n/10.95 (+20) Access
 []


Underfull \hbox (badness 10000) in paragraph at lines 624--624
[]\T1/cmr/bx/n/10.95 (+20) Injury mech-a-
 []


Overfull \hbox (17.83318pt too wide) in paragraph at lines 627--627
[]\T1/cmr/m/n/10.95 (-20) Nephrotoxicity| 
 []


Underfull \hbox (badness 10000) in paragraph at lines 628--628
[]\T1/cmr/m/n/10.95 (+20) Proximal
 []


Underfull \hbox (badness 10000) in paragraph at lines 628--628
\T1/cmr/m/n/10.95 (+20) tubu-lar cells
 []


Underfull \hbox (badness 10000) in paragraph at lines 629--629
[]\T1/cmr/m/n/10.95 (+20) OCT2,
 []


Underfull \hbox (badness 10000) in paragraph at lines 630--631
\T1/cmr/m/n/10.95 (+20) p53--PUMA/BAX
 []


Underfull \hbox (badness 10000) in paragraph at lines 630--631
\T1/cmr/m/n/10.95 (+20) apop-to-sis, in-flam-
 []


Underfull \hbox (badness 10000) in paragraph at lines 630--631
\T1/cmr/m/n/10.95 (+20) ma-tion, tubu-lar
 []


Underfull \hbox (badness 10000) in paragraph at lines 632--632
[]\T1/cmr/m/n/10.95 (+20) OCT2-mediated
 []


Underfull \hbox (badness 10000) in paragraph at lines 632--632
\T1/cmr/m/n/10.95 (+20) up-take,
 []


Underfull \hbox (badness 10000) in paragraph at lines 632--632
\T1/cmr/m/n/10.95 (+20) XPA/NER
 []


Underfull \hbox (badness 10000) in paragraph at lines 632--632
\T1/cmr/m/n/10.95 (+20) linked re-nal
 []


Underfull \hbox (badness 10000) in paragraph at lines 633--634
[]\T1/cmr/m/n/10.95 (+20) Dose-
 []


Underfull \hbox (badness 10000) in paragraph at lines 633--634
\T1/cmr/m/n/10.95 (+20) limiting;
 []


Underfull \hbox (badness 10000) in paragraph at lines 633--634
\T1/cmr/m/n/10.95 (+20) treat-ment
 []


Overfull \hbox (1.53473pt too wide) in paragraph at lines 635--635
[]\T1/cmr/m/n/10.95 (-20) Ototoxicity| 
 []


Underfull \hbox (badness 10000) in paragraph at lines 637--637
[]\T1/cmr/m/n/10.95 (+20) OCT2-
 []


Underfull \hbox (badness 10000) in paragraph at lines 637--637
\T1/cmr/m/n/10.95 (+20) related
 []


Underfull \hbox (badness 10000) in paragraph at lines 637--637
\T1/cmr/m/n/10.95 (+20) ac-cu-mu-la-
 []


Underfull \hbox (badness 10000) in paragraph at lines 638--638
\T1/cmr/m/n/10.95 (+20) dys-func-tion, ir-re-
 []


Underfull \hbox (badness 10000) in paragraph at lines 638--638
\T1/cmr/m/n/10.95 (+20) versible hair-cell
 []


Underfull \hbox (badness 4660) in paragraph at lines 639--639
[]\T1/cmr/m/n/10.95 (+20) OCT2 cochlear
 []


Underfull \hbox (badness 10000) in paragraph at lines 640--641
[]\T1/cmr/m/n/10.95 (+20) Permanent
 []


Underfull \hbox (badness 1242) in paragraph at lines 640--641
\T1/cmr/m/n/10.95 (+20) hear-ing loss;
 []


Underfull \hbox (badness 10000) in paragraph at lines 643--643
[]\T1/cmr/m/n/10.95 (+20) Oral/GI
 []


Underfull \hbox (badness 10000) in paragraph at lines 643--643
\T1/cmr/m/n/10.95 (+20) mu-cosal ep-
 []


Underfull \hbox (badness 3803) in paragraph at lines 644--644
\T1/cmr/m/n/10.95 (+20) po-sure; RT
 []


Underfull \hbox (badness 10000) in paragraph at lines 645--646
[]\T1/cmr/m/n/10.95 (+20) DNA dam-age,
 []


Underfull \hbox (badness 10000) in paragraph at lines 645--646
\T1/cmr/m/n/10.95 (+20) epithelial-turnover
 []


Underfull \hbox (badness 10000) in paragraph at lines 645--646
\T1/cmr/m/n/10.95 (+20) pli-fi-ca-tion, bar-rier
 []


Underfull \hbox (badness 10000) in paragraph at lines 647--648
[]\T1/cmr/m/n/10.95 (+20) Mucosal pro-lif-
 []


Underfull \hbox (badness 1776) in paragraph at lines 647--648
\T1/cmr/m/n/10.95 (+20) er-a-tion rhythm,
 []


Underfull \hbox (badness 10000) in paragraph at lines 647--648
\T1/cmr/m/n/10.95 (+20) tim-ing, clock-
 []


Underfull \hbox (badness 10000) in paragraph at lines 647--648
\T1/cmr/m/n/10.95 (+20) controlled cell
 []


Underfull \hbox (badness 1960) in paragraph at lines 649--650
\T1/cmr/m/n/10.95 (+20) gia, opi-oids,
 []


Underfull \hbox (badness 10000) in paragraph at lines 651--651
[]\T1/cmr/m/n/10.95 (+20) Nausea /
 []


Underfull \hbox (badness 10000) in paragraph at lines 652--652
\T1/cmr/m/n/10.95 (+20) maf-fin cells;
 []


Underfull \hbox (badness 10000) in paragraph at lines 654--654
[]\T1/cmr/m/n/10.95 (+20) Serotonin re-lease,
 []


Underfull \hbox (badness 10000) in paragraph at lines 654--654
\T1/cmr/m/n/10.95 (+20) va-gal af-fer-ents,
 []


Underfull \hbox (badness 10000) in paragraph at lines 654--654
\T1/cmr/m/n/10.95 (+20) NK1/substance P
 []


Underfull \hbox (badness 10000) in paragraph at lines 655--655
\T1/cmr/m/n/10.95 (+20) neu-roen-docrine
 []


Underfull \hbox (badness 10000) in paragraph at lines 656--657
[]\T1/cmr/m/n/10.95 (+20) Acute tox-
 []


Underfull \hbox (badness 10000) in paragraph at lines 656--657
\T1/cmr/m/n/10.95 (+20) i-c-ity; hy-
 []


Underfull \hbox (badness 10000) in paragraph at lines 656--657
\T1/cmr/m/n/10.95 (+20) dra-tion,
 []


Underfull \hbox (badness 10000) in paragraph at lines 656--657
\T1/cmr/m/n/10.95 (+20) nu-tri-tion
 []


Overfull \hbox (3.60747pt too wide) in paragraph at lines 658--658
[]\T1/cmr/m/n/10.95 (-20) Neuropathy| 
 []


Underfull \hbox (badness 10000) in paragraph at lines 659--659
[]\T1/cmr/m/n/10.95 (+20) Dorsal root
 []


Underfull \hbox (badness 1817) in paragraph at lines 659--659
\T1/cmr/m/n/10.95 (+20) gan-glion neu-
 []


Underfull \hbox (badness 10000) in paragraph at lines 660--660
[]\T1/cmr/m/n/10.95 (+20) Platinum
 []


Underfull \hbox (badness 10000) in paragraph at lines 660--660
\T1/cmr/m/n/10.95 (+20) ac-cu-mu-la-
 []


Underfull \hbox (badness 10000) in paragraph at lines 660--660
\T1/cmr/m/n/10.95 (+20) blood-nerve
 []


Underfull \hbox (badness 10000) in paragraph at lines 661--662
[]\T1/cmr/m/n/10.95 (+20) Mitochondrial dys-
 []


Underfull \hbox (badness 10000) in paragraph at lines 661--662
\T1/cmr/m/n/10.95 (+20) func-tion, ROS,
 []


Underfull \hbox (badness 10000) in paragraph at lines 664--665
[]\T1/cmr/m/n/10.95 (+20) Long-term
 []


Overfull \hbox (30.46419pt too wide) in paragraph at lines 666--666
[]\T1/cmr/m/n/10.95 (-20) Myelosuppression| 
 []


Underfull \hbox (badness 10000) in paragraph at lines 670--670
[]\T1/cmr/m/n/10.95 (+20) Hematopoietic
 []


Underfull \hbox (badness 10000) in paragraph at lines 670--670
\T1/cmr/m/n/10.95 (+20) pro-gen-i-tor cy-
 []



[18]

[19]

[20]

[21]

[22]

[23]

[24]

[25]
Underfull \hbox (badness 10000) in paragraph at lines 891--891
[]\T1/cmr/bx/n/10.95 (+20) Gate /
 []


Underfull \hbox (badness 1688) in paragraph at lines 892--892
[]\T1/cmr/bx/n/10.95 (+20) Timing im-pli-
 []


Underfull \hbox (badness 10000) in paragraph at lines 893--894
[]\T1/cmr/bx/n/10.95 (+20) Evidence
 []


Underfull \hbox (badness 10000) in paragraph at lines 896--896
[]\T1/cmr/m/n/10.95 (+20) Adduct ver-i-fi-
 []


Underfull \hbox (badness 10000) in paragraph at lines 896--896
\T1/cmr/m/n/10.95 (+20) ca-tion; re-pair
 []


Underfull \hbox (badness 10000) in paragraph at lines 897--897
[]\T1/cmr/m/n/10.95 (+20) Robust 10-fold
 []


Underfull \hbox (badness 10000) in paragraph at lines 897--897
\T1/cmr/m/n/10.95 (+20) os-cil-la-tion in
 []


Underfull \hbox (badness 2080) in paragraph at lines 897--897
\T1/cmr/m/n/10.95 (+20) brain; in-phase
 []


Underfull \hbox (badness 10000) in paragraph at lines 898--898
[]\T1/cmr/m/n/10.95 (+20) Kidney,
 []


Underfull \hbox (badness 2027) in paragraph at lines 898--898
\T1/cmr/m/n/10.95 (+20) liver, blood;
 []


Underfull \hbox (badness 10000) in paragraph at lines 898--898
\T1/cmr/m/n/10.95 (+20) OSCC mu-
 []


Underfull \hbox (badness 10000) in paragraph at lines 898--898
\T1/cmr/m/n/10.95 (+20) cosa/tumour
 []


Underfull \hbox (badness 8038) in paragraph at lines 899--899
[]\T1/cmr/m/n/10.95 (+20) Higher normal-
 []


Underfull \hbox (badness 10000) in paragraph at lines 900--901
[]\T1/cmr/m/n/10.95 (+20) Strong
 []


Underfull \hbox (badness 10000) in paragraph at lines 900--901
\T1/cmr/m/n/10.95 (+20) mech-
 []


Underfull \hbox (badness 10000) in paragraph at lines 900--901
\T1/cmr/m/n/10.95 (+20) a-nism;
 []


Underfull \hbox (badness 10000) in paragraph at lines 900--901
\T1/cmr/m/n/10.95 (+20) HNSCC-
 []


Underfull \hbox (badness 10000) in paragraph at lines 900--901
\T1/cmr/m/n/10.95 (+20) specific
 []


Underfull \hbox (badness 10000) in paragraph at lines 902--902
[]\T1/cmr/m/n/10.95 (+20) OCT2 /
 []


Underfull \hbox (badness 2285) in paragraph at lines 903--903
[]\T1/cmr/m/n/10.95 (+20) Cisplatin up-take
 []


Underfull \hbox (badness 10000) in paragraph at lines 903--903
\T1/cmr/m/n/10.95 (+20) in kid-ney and
 []


Underfull \hbox (badness 10000) in paragraph at lines 905--905
[]\T1/cmr/m/n/10.95 (+20) Kidney,
 []


Underfull \hbox (badness 10000) in paragraph at lines 906--906
[]\T1/cmr/m/n/10.95 (+20) Lower up-
 []


Underfull \hbox (badness 10000) in paragraph at lines 906--906
\T1/cmr/m/n/10.95 (+20) take phase
 []


Underfull \hbox (badness 10000) in paragraph at lines 906--906
\T1/cmr/m/n/10.95 (+20) may re-duce
 []


Overfull \hbox (7.46553pt too wide) in paragraph at lines 906--906
\T1/cmr/m/n/10.95 (-20) nephro/ototoxicity| 
 []


Underfull \hbox (badness 10000) in paragraph at lines 907--908
[]\T1/cmr/m/n/10.95 (+20) Strong
 []


Underfull \hbox (badness 10000) in paragraph at lines 907--908
\T1/cmr/m/n/10.95 (+20) trans-
 []


Underfull \hbox (badness 10000) in paragraph at lines 907--908
\T1/cmr/m/n/10.95 (+20) porter
 []


Underfull \hbox (badness 10000) in paragraph at lines 907--908
\T1/cmr/m/n/10.95 (+20) bi-ol-ogy;
 []


Underfull \hbox (badness 10000) in paragraph at lines 909--909
[]\T1/cmr/m/n/10.95 (+20) CTR1 /
 []


Underfull \hbox (badness 10000) in paragraph at lines 911--911
[]\T1/cmr/m/n/10.95 (+20) Circadian link
 []


Underfull \hbox (badness 10000) in paragraph at lines 912--912
\T1/cmr/m/n/10.95 (+20) nor-mal tis-
 []


Underfull \hbox (badness 10000) in paragraph at lines 914--915
[]\T1/cmr/m/n/10.95 (+20) Low--
 []


Underfull \hbox (badness 10000) in paragraph at lines 916--916
[]\T1/cmr/m/n/10.95 (+20) GSH /
 []


Underfull \hbox (badness 2158) in paragraph at lines 917--917
[]\T1/cmr/m/n/10.95 (+20) Detoxification of
 []


Underfull \hbox (badness 10000) in paragraph at lines 918--918
\T1/cmr/m/n/10.95 (+20) reg-u-la-tion in
 []


Underfull \hbox (badness 1024) in paragraph at lines 919--919
[]\T1/cmr/m/n/10.95 (+20) Kidney, mu-
 []


Underfull \hbox (badness 10000) in paragraph at lines 920--920
[]\T1/cmr/m/n/10.95 (+20) May re-duce
 []


Underfull \hbox (badness 10000) in paragraph at lines 920--920
\T1/cmr/m/n/10.95 (+20) normal-tissue
 []


Underfull \hbox (badness 10000) in paragraph at lines 920--920
\T1/cmr/m/n/10.95 (+20) in-jury; also
 []


Underfull \hbox (badness 1642) in paragraph at lines 920--920
\T1/cmr/m/n/10.95 (+20) re-duces tu-mour
 []


Overfull \hbox (1.92346pt too wide) in paragraph at lines 921--922
[]\T1/cmr/m/n/10.95 (-20) Hypothesis-
 []


Underfull \hbox (badness 10000) in paragraph at lines 925--925
[]\T1/cmr/m/n/10.95 (+20) GI/mucosal
 []


Underfull \hbox (badness 10000) in paragraph at lines 925--925
\T1/cmr/m/n/10.95 (+20) pro-lif-er-a-tion is
 []


Underfull \hbox (badness 10000) in paragraph at lines 927--927
[]\T1/cmr/m/n/10.95 (+20) Low-
 []


Underfull \hbox (badness 10000) in paragraph at lines 927--927
\T1/cmr/m/n/10.95 (+20) proliferation
 []


Underfull \hbox (badness 10000) in paragraph at lines 927--927
\T1/cmr/m/n/10.95 (+20) or high-repair
 []


Underfull \hbox (badness 10000) in paragraph at lines 927--927
\T1/cmr/m/n/10.95 (+20) win-dows may
 []


Underfull \hbox (badness 10000) in paragraph at lines 930--930
[]\T1/cmr/m/n/10.95 (+20) BMAL1 /
 []


Underfull \hbox (badness 2961) in paragraph at lines 931--931
\T1/cmr/m/n/10.95 (+20) tissue-specific ef-
 []


Underfull \hbox (badness 10000) in paragraph at lines 932--934
\T1/cmr/m/n/10.95 (+20) me-try: host
 []


Underfull \hbox (badness 10000) in paragraph at lines 932--934
\T1/cmr/m/n/10.95 (+20) ^^V sin-gle lab,
 []


Underfull \hbox (badness 10000) in paragraph at lines 932--934
\T1/cmr/m/n/10.95 (+20) un-con-firmed);
 []


Underfull \hbox (badness 10000) in paragraph at lines 932--934
\T1/cmr/m/n/10.95 (+20) tumour-side
 []


Underfull \hbox (badness 8189) in paragraph at lines 932--934
\T1/cmr/m/n/10.95 (+20) con-cor-dance ^^V
 []


Underfull \hbox (badness 10000) in paragraph at lines 932--934
\T1/cmr/m/n/10.95 (+20) OSCC tu-mour
 []


Underfull \hbox (badness 10000) in paragraph at lines 932--934
\T1/cmr/m/n/10.95 (+20) sup-pres-sor (Li
 []


Underfull \hbox (badness 10000) in paragraph at lines 932--934
\T1/cmr/m/n/10.95 (+20) cis-platin sen-si-
 []


Underfull \hbox (badness 10000) in paragraph at lines 935--935
[]\T1/cmr/m/n/10.95 (+20) Kidney
 []


Underfull \hbox (badness 10000) in paragraph at lines 935--935
\T1/cmr/m/n/10.95 (+20) (host),
 []


Underfull \hbox (badness 10000) in paragraph at lines 935--935
\T1/cmr/m/n/10.95 (+20) OSCC/NPC
 []


Underfull \hbox (badness 10000) in paragraph at lines 936--937
[]\T1/cmr/m/n/10.95 (+20) Host--tumour
 []


Underfull \hbox (badness 10000) in paragraph at lines 936--937
\T1/cmr/m/n/10.95 (+20) clock con-trast
 []


Underfull \hbox (badness 10000) in paragraph at lines 936--937
\T1/cmr/m/n/10.95 (+20) may be ex-
 []


Underfull \hbox (badness 10000) in paragraph at lines 936--937
\T1/cmr/m/n/10.95 (+20) ploitable; Zha
 []


Underfull \hbox (badness 10000) in paragraph at lines 936--937
\T1/cmr/m/n/10.95 (+20) 2020 awaits
 []


Underfull \hbox (badness 10000) in paragraph at lines 936--937
\T1/cmr/m/n/10.95 (+20) in-de-pen-dent
 []


Underfull \hbox (badness 10000) in paragraph at lines 938--939
[]\T1/cmr/m/n/10.95 (+20) Moderate
 []


Underfull \hbox (badness 10000) in paragraph at lines 938--939
\T1/cmr/m/n/10.95 (+20) (tu-mour
 []


Underfull \hbox (badness 10000) in paragraph at lines 938--939
\T1/cmr/m/n/10.95 (+20) lim-i-nary
 []


Underfull \hbox (badness 10000) in paragraph at lines 941--941
[]\T1/cmr/m/n/10.95 (+20) Negative clock
 []


Underfull \hbox (badness 5077) in paragraph at lines 941--941
\T1/cmr/m/n/10.95 (+20) limb; main-tains
 []


Underfull \hbox (badness 10000) in paragraph at lines 941--941
\T1/cmr/m/n/10.95 (+20) cir-ca-dian am-pli-
 []


Underfull \hbox (badness 4454) in paragraph at lines 942--942
\T1/cmr/m/n/10.95 (+20) apy ben-e-fit in
 []


Underfull \hbox (badness 10000) in paragraph at lines 947--947
[]\T1/cmr/m/n/10.95 (+20) p53--
 []


Underfull \hbox (badness 10000) in paragraph at lines 948--948
[]\T1/cmr/m/n/10.95 (+20) Apoptosis af-ter
 []


Underfull \hbox (badness 2318) in paragraph at lines 948--948
\T1/cmr/m/n/10.95 (+20) un-re-paired DNA
 []


Underfull \hbox (badness 1394) in paragraph at lines 949--949
\T1/cmr/m/n/10.95 (+20) sponse may be
 []


Underfull \hbox (badness 1024) in paragraph at lines 950--950
[]\T1/cmr/m/n/10.95 (+20) Kidney, mu-
 []


Overfull \hbox (20.46121pt too wide) in paragraph at lines 952--953
[]\T1/cmr/m/n/10.95 (-20) Mechanistically
 []


Overfull \hbox (25.72928pt too wide) in paragraph at lines 956--956
[]\T1/cmr/m/n/10.95 (-20) Immune/inflammatory
 []


Underfull \hbox (badness 10000) in paragraph at lines 956--956
\T1/cmr/m/n/10.95 (+20) rhythms well
 []


Underfull \hbox (badness 1024) in paragraph at lines 957--957
[]\T1/cmr/m/n/10.95 (+20) Kidney, mu-
 []


Underfull \hbox (badness 10000) in paragraph at lines 958--958
[]\T1/cmr/m/n/10.95 (+20) Timing may
 []


Underfull \hbox (badness 10000) in paragraph at lines 961--962
[]\T1/cmr/m/n/10.95 (+20) Gut mi-
 []


Underfull \hbox (badness 10000) in paragraph at lines 961--962
\T1/cmr/m/n/10.95 (+20) cro-biome
 []


Underfull \hbox (badness 10000) in paragraph at lines 961--962
\T1/cmr/m/n/10.95 (+20) (cir-ca-dian
 []


Underfull \hbox (badness 7344) in paragraph at lines 963--963
[]\T1/cmr/m/n/10.95 (+20) Mucosal bar-rier;
 []


Underfull \hbox (badness 10000) in paragraph at lines 963--963
\T1/cmr/m/n/10.95 (+20) sys-temic in-flam-
 []


Underfull \hbox (badness 10000) in paragraph at lines 964--964
[]\T1/cmr/m/n/10.95 (+20) Diurnal os-
 []


Underfull \hbox (badness 10000) in paragraph at lines 964--964
\T1/cmr/m/n/10.95 (+20) cil-la-tion in
 []


Underfull \hbox (badness 10000) in paragraph at lines 966--966
[]\T1/cmr/m/n/10.95 (+20) May mod-u-late
 []


Overfull \hbox (1.92346pt too wide) in paragraph at lines 967--968
[]\T1/cmr/m/n/10.95 (-20) Hypothesis-
 []



[26]

[27]

[28]

[29]

[30]

[31]
Overfull \hbox (23.46407pt too wide) in paragraph at lines 1128--1128
[]\T1/cmr/bx/n/10.95 (-20) Model/population| 
 []


Underfull \hbox (badness 2600) in paragraph at lines 1129--1129
[]\T1/cmr/bx/n/10.95 (+20) Major lim-i-
 []


Overfull \hbox (26.62859pt too wide) in paragraph at lines 1130--1131
[]\T1/cmr/bx/n/10.95 (-20) OSCC/HNSCC
 []


Underfull \hbox (badness 10000) in paragraph at lines 1132--1132
[]\T1/cmr/m/n/10.95 (+20) OSCC
 []


Underfull \hbox (badness 10000) in paragraph at lines 1132--1132
\T1/cmr/m/n/10.95 (+20) crossover
 []


Underfull \hbox (badness 10000) in paragraph at lines 1134--1134
[]\T1/cmr/m/n/10.95 (+20) Daytime vs
 []


Underfull \hbox (badness 2753) in paragraph at lines 1135--1135
[]\T1/cmr/m/n/10.95 (+20) Reduced se-vere
 []


Underfull \hbox (badness 5331) in paragraph at lines 1137--1138
[]\T1/cmr/m/n/10.95 (+20) Direct but
 []


Underfull \hbox (badness 10000) in paragraph at lines 1140--1140
[]\T1/cmr/m/n/10.95 (+20) Locally ad-
 []


Overfull \hbox (4.21452pt too wide) in paragraph at lines 1141--1141
[]\T1/cmr/m/n/10.95 (-20) Chronomodulated
 []


Underfull \hbox (badness 10000) in paragraph at lines 1142--1142
\T1/cmr/m/n/10.95 (+20) vom-it-ing, mu-
 []


Underfull \hbox (badness 10000) in paragraph at lines 1143--1143
\T1/cmr/m/n/10.95 (+20) not survival-
 []


Underfull \hbox (badness 10000) in paragraph at lines 1144--1145
[]\T1/cmr/m/n/10.95 (+20) Supports
 []


Underfull \hbox (badness 10000) in paragraph at lines 1144--1145
\T1/cmr/m/n/10.95 (+20) mu-cosal/GI
 []


Underfull \hbox (badness 10000) in paragraph at lines 1144--1145
\T1/cmr/m/n/10.95 (+20) end-point
 []


Underfull \hbox (badness 10000) in paragraph at lines 1146--1146
[]\T1/cmr/m/n/10.95 (+20) Mouse cis-
 []


Underfull \hbox (badness 10000) in paragraph at lines 1147--1147
[]\T1/cmr/m/n/10.95 (+20) Tumour-
 []


Underfull \hbox (badness 10000) in paragraph at lines 1147--1147
\T1/cmr/m/n/10.95 (+20) bearing mice
 []


Underfull \hbox (badness 10000) in paragraph at lines 1148--1148
[]\T1/cmr/m/n/10.95 (+20) ZT-based cis-
 []


Underfull \hbox (badness 4967) in paragraph at lines 1149--1149
[]\T1/cmr/m/n/10.95 (+20) Time-of-day af-
 []


Underfull \hbox (badness 10000) in paragraph at lines 1153--1153
[]\T1/cmr/m/n/10.95 (+20) Clock-
 []


Underfull \hbox (badness 10000) in paragraph at lines 1153--1153
\T1/cmr/m/n/10.95 (+20) disruption
 []


Underfull \hbox (badness 10000) in paragraph at lines 1154--1154
[]\T1/cmr/m/n/10.95 (+20) Tumour-
 []


Underfull \hbox (badness 10000) in paragraph at lines 1154--1154
\T1/cmr/m/n/10.95 (+20) bearing jet-
 []


Underfull \hbox (badness 2460) in paragraph at lines 1155--1155
[]\T1/cmr/m/n/10.95 (+20) Normal vs dis-
 []


Underfull \hbox (badness 10000) in paragraph at lines 1157--1157
[]\T1/cmr/m/n/10.95 (+20) Preclinical
 []


Underfull \hbox (badness 10000) in paragraph at lines 1158--1159
[]\T1/cmr/m/n/10.95 (+20) Supports
 []


Underfull \hbox (badness 10000) in paragraph at lines 1158--1159
\T1/cmr/m/n/10.95 (+20) need for
 []


Underfull \hbox (badness 10000) in paragraph at lines 1158--1159
\T1/cmr/m/n/10.95 (+20) cir-ca-dian
 []


Underfull \hbox (badness 10000) in paragraph at lines 1160--1160
[]\T1/cmr/m/n/10.95 (+20) Population
 []


Underfull \hbox (badness 10000) in paragraph at lines 1160--1160
\T1/cmr/m/n/10.95 (+20) chrono-bi-ol-
 []


Underfull \hbox (badness 10000) in paragraph at lines 1161--1161
\T1/cmr/m/n/10.95 (+20) rest-activity
 []


Underfull \hbox (badness 10000) in paragraph at lines 1162--1162
[]\T1/cmr/m/n/10.95 (+20) Rest-activity
 []


Underfull \hbox (badness 10000) in paragraph at lines 1162--1162
\T1/cmr/m/n/10.95 (+20) rhythm as-sess-
 []


Underfull \hbox (badness 1253) in paragraph at lines 1163--1163
[]\T1/cmr/m/n/10.95 (+20) Rhythm dis-rup-
 []


Underfull \hbox (badness 6252) in paragraph at lines 1163--1163
\T1/cmr/m/n/10.95 (+20) tion linked to
 []


Underfull \hbox (badness 10000) in paragraph at lines 1165--1166
[]\T1/cmr/m/n/10.95 (+20) Circadian
 []


Underfull \hbox (badness 10000) in paragraph at lines 1165--1166
\T1/cmr/m/n/10.95 (+20) prog-nos-tic
 []



[32]

[33]

[34]

[35{/usr/local/texlive/2025/texmf-dist/fonts/enc/dvips/cm-super/cm-super-ts1.en
c}]
Overfull \hbox (16.60071pt too wide) in paragraph at lines 1254--1278
[]\T1/cmr/m/n/12 (-20) Survival-focused end-points are in-ap-pro-pri-ate for a 
proof-of-concept chronother-
 []



[36]

[37]

[38]
Underfull \hbox (badness 1062) in paragraph at lines 1362--1373
\T1/cmr/m/n/10.95 (+20) planned for con-cur-rent cis-platin (100mgm$[]$ q3wk or

 []


Underfull \hbox (badness 10000) in paragraph at lines 1389--1389
[]\T1/cmr/m/n/10.95 (+20) Secondary end-
 []


Underfull \hbox (badness 10000) in paragraph at lines 1400--1400
[]\T1/cmr/m/n/10.95 (+20) Exploratory
 []


Underfull \hbox (badness 10000) in paragraph at lines 1425--1425
[]\T1/cmr/m/n/10.95 (+20) Feasibility sub-
 []



[39]

[40]

[41]

[42]
<../figure/fig1.png, id=614, 1496.59125pt x 1058.95625pt>
File: ../figure/fig1.png Graphic file (type png)
<use ../figure/fig1.png>
Package pdftex.def Info: ../figure/fig1.png  used on input line 1566.
(pdftex.def)             Requested size: 390.0pt x 275.9523pt.


LaTeX Warning: Float too large for page by 315.39627pt on input line 1614.

<../figure/fig2.png, id=625, 1496.59125pt x 1058.95625pt>
File: ../figure/fig2.png Graphic file (type png)
<use ../figure/fig2.png>
Package pdftex.def Info: ../figure/fig2.png  used on input line 1618.
(pdftex.def)             Requested size: 390.0pt x 275.9523pt.

LaTeX Warning: Float too large for page by 369.39627pt on input line 1669.

(./main.bbl

[43]

[44 <../figure/fig1.png (PNG copy)>]

[45 <../figure/fig2.png (PNG copy)>]

[46]

[47]

[48]

[49]

[50]

[51]

[52]

[53]

[54]

[55]

[56]

[57]

[58])

[59] (./main.aux)
 ***********
LaTeX2e <2024-11-01> patch level 2
L3 programming layer <2025-01-18>
 ***********
Package rerunfilecheck Info: File `main.out' has not changed.
(rerunfilecheck)             Checksum: FA3F73B49E2C5189F919FFB8B92F1CB2;13293.
 ) 
Here is how much of TeX's memory you used:
 14063 strings out of 473190
 218481 string characters out of 5715801
 694157 words of memory out of 5000000
 36658 multiletter control sequences out of 15000+600000
 586448 words of font info for 229 fonts, out of 8000000 for 9000
 1141 hyphenation exceptions out of 8191
 72i,14n,79p,3243b,831s stack positions out of 10000i,1000n,20000p,200000b,200000s
</usr/local/texlive/2025/texmf-dist/fonts/type1/public/amsfonts/cm/cmmi10.pfb
></usr/local/texlive/2025/texmf-dist/fonts/type1/public/amsfonts/cm/cmmi12.pfb>
</usr/local/texlive/2025/texmf-dist/fonts/type1/public/amsfonts/cm/cmr10.pfb></
usr/local/texlive/2025/texmf-dist/fonts/type1/public/amsfonts/cm/cmr12.pfb></us
r/local/texlive/2025/texmf-dist/fonts/type1/public/amsfonts/cm/cmr7.pfb></usr/l
ocal/texlive/2025/texmf-dist/fonts/type1/public/amsfonts/cm/cmr8.pfb></usr/loca
l/texlive/2025/texmf-dist/fonts/type1/public/amsfonts/cm/cmsy10.pfb></usr/local
/texlive/2025/texmf-dist/fonts/type1/public/amsfonts/cm/cmsy7.pfb></usr/local/t
exlive/2025/texmf-dist/fonts/type1/public/amsfonts/cm/cmsy8.pfb></usr/local/tex
live/2025/texmf-dist/fonts/type1/public/cm-super/sfbx1000.pfb></usr/local/texli
ve/2025/texmf-dist/fonts/type1/public/cm-super/sfbx1095.pfb></usr/local/texlive
/2025/texmf-dist/fonts/type1/public/cm-super/sfbx1200.pfb></usr/local/texlive/2
025/texmf-dist/fonts/type1/public/cm-super/sfrm0800.pfb></usr/local/texlive/202
5/texmf-dist/fonts/type1/public/cm-super/sfrm1000.pfb></usr/local/texlive/2025/
texmf-dist/fonts/type1/public/cm-super/sfrm1095.pfb></usr/local/texlive/2025/te
xmf-dist/fonts/type1/public/cm-super/sfrm1200.pfb></usr/local/texlive/2025/texm
f-dist/fonts/type1/public/cm-super/sfrm1728.pfb></usr/local/texlive/2025/texmf-
dist/fonts/type1/public/cm-super/sfss0800.pfb></usr/local/texlive/2025/texmf-di
st/fonts/type1/public/cm-super/sfti0700.pfb></usr/local/texlive/2025/texmf-dist
/fonts/type1/public/cm-super/sfti1000.pfb></usr/local/texlive/2025/texmf-dist/f
onts/type1/public/cm-super/sfti1200.pfb></usr/local/texlive/2025/texmf-dist/fon
ts/type1/public/cm-super/sftt1000.pfb></usr/local/texlive/2025/texmf-dist/fonts
/type1/public/cm-super/sftt1200.pfb>
Output written on main.pdf (59 pages, 3964446 bytes).
PDF statistics:
 940 PDF objects out of 1000 (max. 8388607)
 812 compressed objects within 9 object streams
 174 named destinations out of 1000 (max. 500000)
 48451 words of extra memory for PDF output out of 51595 (max. 10000000)

